Component: ARM Compiler 5.06 update 6 (build 750) Tool: armlink [4d35ed]

==============================================================================

Section Cross References

    uart.o(i.UART0_IRQHandler) refers to uart.o(.data) for uart0_task_irq
    uart.o(i.UART1_IRQHandler) refers to uart.o(.data) for uart1_task_irq
    uart.o(i.UART2_IRQHandler) refers to uart.o(.data) for uart2_task_irq
    uart.o(i.uart_Init) refers to aeabi_sdiv.o(.text) for __aeabi_uidivmod
    uart.o(i.uart_Init) refers to uart.o(i.__ARM_common_switch8) for __ARM_common_switch8
    uart.o(i.uart_Init) refers to system_mkl25z4.o(.data) for SystemCoreClock
    uart.o(i.uart_String) refers to uart.o(i.uart_Put) for uart_Put
    uart.o(i.uart_add_callback) refers to uart.o(.data) for uart1_task_irq
    uart.o(i.uart_enable_irq) refers to uart.o(i.__NVIC_EnableIRQ) for __NVIC_EnableIRQ
    i2c.o(i.i2c_ReadMultRegister) refers to i2c.o(i.i2c_Start) for i2c_Start
    i2c.o(i.i2c_ReadMultRegister) refers to i2c.o(i.i2c_WriteByte) for i2c_WriteByte
    i2c.o(i.i2c_ReadMultRegister) refers to i2c.o(i.i2c_Wait) for i2c_Wait
    i2c.o(i.i2c_ReadMultRegister) refers to i2c.o(i.i2c_RepeatedStart) for i2c_RepeatedStart
    i2c.o(i.i2c_ReadMultRegister) refers to i2c.o(i.i2c_EnterRxMode) for i2c_EnterRxMode
    i2c.o(i.i2c_ReadMultRegister) refers to i2c.o(i.i2c_EnableAck) for i2c_EnableAck
    i2c.o(i.i2c_ReadMultRegister) refers to i2c.o(i.i2c_ReadByte) for i2c_ReadByte
    i2c.o(i.i2c_ReadMultRegister) refers to i2c.o(i.i2c_DisableAck) for i2c_DisableAck
    i2c.o(i.i2c_ReadMultRegister) refers to i2c.o(i.i2c_Stop) for i2c_Stop
    i2c.o(i.i2c_ReadMultRegister) refers to i2c.o(i.delay) for delay
    i2c.o(i.i2c_ReadRegister) refers to i2c.o(i.i2c_Start) for i2c_Start
    i2c.o(i.i2c_ReadRegister) refers to i2c.o(i.i2c_WriteByte) for i2c_WriteByte
    i2c.o(i.i2c_ReadRegister) refers to i2c.o(i.i2c_Wait) for i2c_Wait
    i2c.o(i.i2c_ReadRegister) refers to i2c.o(i.i2c_RepeatedStart) for i2c_RepeatedStart
    i2c.o(i.i2c_ReadRegister) refers to i2c.o(i.i2c_EnterRxMode) for i2c_EnterRxMode
    i2c.o(i.i2c_ReadRegister) refers to i2c.o(i.i2c_DisableAck) for i2c_DisableAck
    i2c.o(i.i2c_ReadRegister) refers to i2c.o(i.i2c_ReadByte) for i2c_ReadByte
    i2c.o(i.i2c_ReadRegister) refers to i2c.o(i.i2c_Stop) for i2c_Stop
    i2c.o(i.i2c_ReadRegister) refers to i2c.o(i.delay) for delay
    i2c.o(i.i2c_WriteMultRegister) refers to i2c.o(i.i2c_Start) for i2c_Start
    i2c.o(i.i2c_WriteMultRegister) refers to i2c.o(i.i2c_WriteByte) for i2c_WriteByte
    i2c.o(i.i2c_WriteMultRegister) refers to i2c.o(i.i2c_Wait) for i2c_Wait
    i2c.o(i.i2c_WriteMultRegister) refers to i2c.o(i.i2c_Stop) for i2c_Stop
    i2c.o(i.i2c_WriteMultRegister) refers to i2c.o(i.delay) for delay
    i2c.o(i.i2c_WriteRegister) refers to i2c.o(i.i2c_Start) for i2c_Start
    i2c.o(i.i2c_WriteRegister) refers to i2c.o(i.i2c_WriteByte) for i2c_WriteByte
    i2c.o(i.i2c_WriteRegister) refers to i2c.o(i.i2c_Wait) for i2c_Wait
    i2c.o(i.i2c_WriteRegister) refers to i2c.o(i.i2c_Stop) for i2c_Stop
    i2c.o(i.i2c_WriteRegister) refers to i2c.o(i.delay) for delay
    ecompassmain.o(i.Main) refers to system_mkl25z4.o(i.SystemCoreClockUpdate) for SystemCoreClockUpdate
    ecompassmain.o(i.Main) refers to uart.o(i.uart_Init) for uart_Init
    ecompassmain.o(i.Main) refers to uart.o(i.uart_Put) for uart_Put
    ecompassmain.o(i.Main) refers to i2c.o(i.i2c_Init) for i2c_Init
    ecompassmain.o(i.Main) refers to uart.o(i.uart_String) for uart_String
    ecompassmain.o(i.Main) refers to i2c.o(i.i2c_WriteRegister) for i2c_WriteRegister
    ecompassmain.o(i.Main) refers to i2c.o(i.i2c_ReadRegister) for i2c_ReadRegister
    ecompassmain.o(i.Main) refers to aeabi_sdiv.o(.text) for __aeabi_idivmod
    ecompassmain.o(i.Main) refers to system_mkl25z4.o(.data) for SystemCoreClock
    ecompassmain.o(i.Main) refers to ecompassmain.o(.data) for sr
    led_frdm-kl25z.o(i.LED_Initialize) refers to led_frdm-kl25z.o(.constdata) for led_port
    led_frdm-kl25z.o(i.LED_Off) refers to led_frdm-kl25z.o(.constdata) for led_pin
    led_frdm-kl25z.o(i.LED_On) refers to led_frdm-kl25z.o(.constdata) for led_pin
    led_frdm-kl25z.o(i.LED_SetOut) refers to led_frdm-kl25z.o(i.LED_On) for LED_On
    led_frdm-kl25z.o(i.LED_SetOut) refers to led_frdm-kl25z.o(i.LED_Off) for LED_Off
    eventrecorder.o(i.EventCheckFilter) refers to eventrecorder.o(.bss.noinit) for EventStatus
    eventrecorder.o(i.EventGetTS) refers to eventrecorder.o(i.EventRecorderTimerGetCount) for EventRecorderTimerGetCount
    eventrecorder.o(i.EventGetTS) refers to eventrecorder.o(i.__get_PRIMASK) for __get_PRIMASK
    eventrecorder.o(i.EventGetTS) refers to eventrecorder.o(i.atomic_inc32) for atomic_inc32
    eventrecorder.o(i.EventGetTS) refers to eventrecorder.o(.bss.noinit) for EventStatus
    eventrecorder.o(i.EventRecord2) refers to eventrecorder.o(i.EventCheckFilter) for EventCheckFilter
    eventrecorder.o(i.EventRecord2) refers to eventrecorder.o(i.EventGetTS) for EventGetTS
    eventrecorder.o(i.EventRecord2) refers to eventrecorder.o(i.EventRecordItem) for EventRecordItem
    eventrecorder.o(i.EventRecord4) refers to eventrecorder.o(i.EventCheckFilter) for EventCheckFilter
    eventrecorder.o(i.EventRecord4) refers to eventrecorder.o(i.EventGetTS) for EventGetTS
    eventrecorder.o(i.EventRecord4) refers to eventrecorder.o(i.GetContext) for GetContext
    eventrecorder.o(i.EventRecord4) refers to eventrecorder.o(i.EventRecordItem) for EventRecordItem
    eventrecorder.o(i.EventRecordData) refers to eventrecorder.o(i.EventCheckFilter) for EventCheckFilter
    eventrecorder.o(i.EventRecordData) refers to eventrecorder.o(i.EventGetTS) for EventGetTS
    eventrecorder.o(i.EventRecordData) refers to eventrecorder.o(i.EventRecordItem) for EventRecordItem
    eventrecorder.o(i.EventRecordData) refers to rt_memcpy.o(.text) for __aeabi_memcpy
    eventrecorder.o(i.EventRecordData) refers to eventrecorder.o(i.GetContext) for GetContext
    eventrecorder.o(i.EventRecordItem) refers to eventrecorder.o(i.atomic_inc32) for atomic_inc32
    eventrecorder.o(i.EventRecordItem) refers to eventrecorder.o(i.__get_PRIMASK) for __get_PRIMASK
    eventrecorder.o(i.EventRecordItem) refers to eventrecorder.o(.bss.noinit) for EventStatus
    eventrecorder.o(i.EventRecorderClockUpdate) refers to eventrecorder.o(i.EventRecorderTimerGetFreq) for EventRecorderTimerGetFreq
    eventrecorder.o(i.EventRecorderClockUpdate) refers to eventrecorder.o(i.EventGetTS) for EventGetTS
    eventrecorder.o(i.EventRecorderClockUpdate) refers to eventrecorder.o(i.EventRecordItem) for EventRecordItem
    eventrecorder.o(i.EventRecorderClockUpdate) refers to eventrecorder.o(.bss.noinit) for EventStatus
    eventrecorder.o(i.EventRecorderDisable) refers to eventrecorder.o(.bss.noinit) for EventFilter
    eventrecorder.o(i.EventRecorderEnable) refers to eventrecorder.o(.bss.noinit) for EventFilter
    eventrecorder.o(i.EventRecorderInitialize) refers to rt_memclr.o(.text) for __aeabi_memclr4
    eventrecorder.o(i.EventRecorderInitialize) refers to eventrecorder.o(i.crc16_ccitt) for crc16_ccitt
    eventrecorder.o(i.EventRecorderInitialize) refers to eventrecorder.o(i.EventRecorderTimerSetup) for EventRecorderTimerSetup
    eventrecorder.o(i.EventRecorderInitialize) refers to eventrecorder.o(i.EventRecorderTimerGetFreq) for EventRecorderTimerGetFreq
    eventrecorder.o(i.EventRecorderInitialize) refers to eventrecorder.o(i.EventRecorderEnable) for EventRecorderEnable
    eventrecorder.o(i.EventRecorderInitialize) refers to eventrecorder.o(i.EventGetTS) for EventGetTS
    eventrecorder.o(i.EventRecorderInitialize) refers to eventrecorder.o(i.EventRecordItem) for EventRecordItem
    eventrecorder.o(i.EventRecorderInitialize) refers to eventrecorder.o(i.EventRecorderStart) for EventRecorderStart
    eventrecorder.o(i.EventRecorderInitialize) refers to eventrecorder.o(.bss.noinit) for EventStatus
    eventrecorder.o(i.EventRecorderInitialize) refers to eventrecorder.o(.constdata) for EventRecorderInfo
    eventrecorder.o(i.EventRecorderStart) refers to eventrecorder.o(i.EventGetTS) for EventGetTS
    eventrecorder.o(i.EventRecorderStart) refers to eventrecorder.o(i.EventRecordItem) for EventRecordItem
    eventrecorder.o(i.EventRecorderStart) refers to eventrecorder.o(.bss.noinit) for EventStatus
    eventrecorder.o(i.EventRecorderStop) refers to eventrecorder.o(i.EventGetTS) for EventGetTS
    eventrecorder.o(i.EventRecorderStop) refers to eventrecorder.o(i.EventRecordItem) for EventRecordItem
    eventrecorder.o(i.EventRecorderStop) refers to eventrecorder.o(.bss.noinit) for EventStatus
    eventrecorder.o(i.EventRecorderTimerGetCount) refers to eventrecorder.o(.bss.noinit) for TimeStamp
    eventrecorder.o(i.EventRecorderTimerSetup) refers to eventrecorder.o(.bss.noinit) for TimeStamp
    eventrecorder.o(i.GetContext) refers to eventrecorder.o(i.__get_PRIMASK) for __get_PRIMASK
    eventrecorder.o(i.GetContext) refers to eventrecorder.o(.bss.noinit) for EventStatus
    eventrecorder.o(i.atomic_inc32) refers to eventrecorder.o(i.__get_PRIMASK) for __get_PRIMASK
    eventrecorder.o(.constdata) refers to eventrecorder.o(.bss.noinit) for EventBuffer
    startup_mkl25z4.o(STACK) refers (Special) to heapauxi.o(.text) for __use_two_region_memory
    startup_mkl25z4.o(HEAP) refers (Special) to heapauxi.o(.text) for __use_two_region_memory
    startup_mkl25z4.o(RESET) refers (Special) to heapauxi.o(.text) for __use_two_region_memory
    startup_mkl25z4.o(RESET) refers to startup_mkl25z4.o(STACK) for __initial_sp
    startup_mkl25z4.o(RESET) refers to startup_mkl25z4.o(.text) for Reset_Handler
    startup_mkl25z4.o(RESET) refers to uart.o(i.UART0_IRQHandler) for UART0_IRQHandler
    startup_mkl25z4.o(RESET) refers to uart.o(i.UART1_IRQHandler) for UART1_IRQHandler
    startup_mkl25z4.o(RESET) refers to uart.o(i.UART2_IRQHandler) for UART2_IRQHandler
    startup_mkl25z4.o(.ARM.__at_0x400) refers (Special) to heapauxi.o(.text) for __use_two_region_memory
    startup_mkl25z4.o(.text) refers (Special) to heapauxi.o(.text) for __use_two_region_memory
    startup_mkl25z4.o(.text) refers to system_mkl25z4.o(i.SystemInit) for SystemInit
    startup_mkl25z4.o(.text) refers to ecompassmain.o(i.Main) for Main
    startup_mkl25z4.o(.text) refers to startup_mkl25z4.o(HEAP) for Heap_Mem
    startup_mkl25z4.o(.text) refers to startup_mkl25z4.o(STACK) for Stack_Mem
    system_mkl25z4.o(i.SystemCoreClockUpdate) refers to aeabi_sdiv.o(.text) for __aeabi_uidivmod
    system_mkl25z4.o(i.SystemCoreClockUpdate) refers to uart.o(i.__ARM_common_switch8) for __ARM_common_switch8
    system_mkl25z4.o(i.SystemCoreClockUpdate) refers to system_mkl25z4.o(.data) for SystemCoreClock
    rt_memcpy.o(.text) refers to rt_memcpy.o(.emb_text) for __aeabi_memcpy4
    aeabi_idiv0_sigfpe.o(.text) refers to rt_div0.o(.text) for __rt_div0
    rt_div0.o(.text) refers to defsig_fpe_outer.o(.text) for __rt_SIGFPE
    defsig_fpe_outer.o(.text) refers to defsig_fpe_inner.o(.text) for __rt_SIGFPE_inner
    defsig_fpe_outer.o(.text) refers to defsig_exit.o(.text) for __sig_exit
    defsig_fpe_formal.o(.text) refers to rt_raise.o(.text) for __rt_raise
    rt_raise.o(.text) refers to __raise.o(.text) for __raise
    rt_raise.o(.text) refers to sys_exit.o(.text) for _sys_exit
    defsig_exit.o(.text) refers to sys_exit.o(.text) for _sys_exit
    defsig_fpe_inner.o(.text) refers to defsig_general.o(.text) for __default_signal_display
    sys_exit.o(.text) refers (Special) to use_no_semi.o(.text) for __I$use$semihosting
    sys_exit.o(.text) refers (Special) to indicate_semi.o(.text) for __semihosting_library_function
    __raise.o(.text) refers to defsig.o(CL$$defsig) for __default_signal_handler
    defsig_general.o(.text) refers to sys_wrch.o(.text) for _ttywrch
    sys_wrch.o(.text) refers (Special) to use_no_semi.o(.text) for __I$use$semihosting
    sys_wrch.o(.text) refers (Special) to indicate_semi.o(.text) for __semihosting_library_function
    defsig.o(CL$$defsig) refers to defsig_fpe_inner.o(.text) for __rt_SIGFPE_inner
    defsig_abrt_inner.o(.text) refers to defsig_general.o(.text) for __default_signal_display
    defsig_rtred_inner.o(.text) refers to defsig_general.o(.text) for __default_signal_display
    defsig_rtmem_inner.o(.text) refers to defsig_general.o(.text) for __default_signal_display
    defsig_stak_inner.o(.text) refers to defsig_general.o(.text) for __default_signal_display
    defsig_pvfn_inner.o(.text) refers to defsig_general.o(.text) for __default_signal_display
    defsig_cppl_inner.o(.text) refers to defsig_general.o(.text) for __default_signal_display
    defsig_segv_inner.o(.text) refers to defsig_general.o(.text) for __default_signal_display
    defsig_other.o(.text) refers to defsig_general.o(.text) for __default_signal_display


==============================================================================

Removing Unused input sections from the image.

    Removing uart.o(.rev16_text), (4 bytes).
    Removing uart.o(.revsh_text), (4 bytes).
    Removing uart.o(i.__NVIC_EnableIRQ), (32 bytes).
    Removing uart.o(i.uart_Get), (18 bytes).
    Removing uart.o(i.uart_add_callback), (64 bytes).
    Removing uart.o(i.uart_enable_irq), (56 bytes).
    Removing i2c.o(.rev16_text), (4 bytes).
    Removing i2c.o(.revsh_text), (4 bytes).
    Removing i2c.o(i.i2c_EnableAck), (10 bytes).
    Removing i2c.o(i.i2c_ReadMultRegister), (186 bytes).
    Removing i2c.o(i.i2c_WriteMultRegister), (104 bytes).
    Removing ecompassmain.o(.rev16_text), (4 bytes).
    Removing ecompassmain.o(.revsh_text), (4 bytes).
    Removing spi.o(.rev16_text), (4 bytes).
    Removing spi.o(.revsh_text), (4 bytes).
    Removing spi.o(i.spi_Init), (320 bytes).
    Removing spi.o(i.spi_Read), (20 bytes).
    Removing spi.o(i.spi_Send), (18 bytes).
    Removing led_frdm-kl25z.o(.rev16_text), (4 bytes).
    Removing led_frdm-kl25z.o(.revsh_text), (4 bytes).
    Removing led_frdm-kl25z.o(i.LED_GetCount), (4 bytes).
    Removing led_frdm-kl25z.o(i.LED_Initialize), (164 bytes).
    Removing led_frdm-kl25z.o(i.LED_Off), (36 bytes).
    Removing led_frdm-kl25z.o(i.LED_On), (36 bytes).
    Removing led_frdm-kl25z.o(i.LED_SetOut), (42 bytes).
    Removing led_frdm-kl25z.o(i.LED_Uninitialize), (4 bytes).
    Removing led_frdm-kl25z.o(.constdata), (36 bytes).
    Removing eventrecorder.o(.rev16_text), (4 bytes).
    Removing eventrecorder.o(.revsh_text), (4 bytes).
    Removing eventrecorder.o(i.EventCheckFilter), (44 bytes).
    Removing eventrecorder.o(i.EventGetTS), (96 bytes).
    Removing eventrecorder.o(i.EventRecord2), (76 bytes).
    Removing eventrecorder.o(i.EventRecord4), (124 bytes).
    Removing eventrecorder.o(i.EventRecordData), (312 bytes).
    Removing eventrecorder.o(i.EventRecordItem), (308 bytes).
    Removing eventrecorder.o(i.EventRecorderClockUpdate), (44 bytes).
    Removing eventrecorder.o(i.EventRecorderDisable), (88 bytes).
    Removing eventrecorder.o(i.EventRecorderEnable), (88 bytes).
    Removing eventrecorder.o(i.EventRecorderInitialize), (296 bytes).
    Removing eventrecorder.o(i.EventRecorderStart), (52 bytes).
    Removing eventrecorder.o(i.EventRecorderStop), (52 bytes).
    Removing eventrecorder.o(i.EventRecorderTimerGetCount), (20 bytes).
    Removing eventrecorder.o(i.EventRecorderTimerGetFreq), (4 bytes).
    Removing eventrecorder.o(i.EventRecorderTimerSetup), (16 bytes).
    Removing eventrecorder.o(i.GetContext), (32 bytes).
    Removing eventrecorder.o(i.__get_PRIMASK), (6 bytes).
    Removing eventrecorder.o(i.atomic_inc32), (28 bytes).
    Removing eventrecorder.o(i.crc16_ccitt), (68 bytes).
    Removing system_mkl25z4.o(.rev16_text), (4 bytes).
    Removing system_mkl25z4.o(.revsh_text), (4 bytes).

50 unused section(s) (total 2960 bytes) removed from the image.

==============================================================================

Image Symbol Table

    Local Symbols

    Symbol Name                              Value     Ov Type        Size  Object(Section)

    RESET                                    0x00000000   Section      192  startup_mkl25z4.o(RESET)
    ../clib/angel/rt.s                       0x00000000   Number         0  aeabi_idiv0_sigfpe.o ABSOLUTE
    ../clib/angel/rt.s                       0x00000000   Number         0  aeabi_idiv0.o ABSOLUTE
    ../clib/angel/rt.s                       0x00000000   Number         0  rt_div0.o ABSOLUTE
    ../clib/angel/rt.s                       0x00000000   Number         0  rt_raise.o ABSOLUTE
    ../clib/angel/sys.s                      0x00000000   Number         0  use_no_semi.o ABSOLUTE
    ../clib/angel/sys.s                      0x00000000   Number         0  indicate_semi.o ABSOLUTE
    ../clib/angel/sysapp.c                   0x00000000   Number         0  sys_exit.o ABSOLUTE
    ../clib/angel/sysapp.c                   0x00000000   Number         0  sys_wrch.o ABSOLUTE
    ../clib/division.s                       0x00000000   Number         0  aeabi_sdiv_div0.o ABSOLUTE
    ../clib/division.s                       0x00000000   Number         0  aeabi_sdiv.o ABSOLUTE
    ../clib/heapaux.c                        0x00000000   Number         0  heapauxi.o ABSOLUTE
    ../clib/memcpset.c                       0x00000000   Number         0  rt_memclr.o ABSOLUTE
    ../clib/memcpset.c                       0x00000000   Number         0  rt_memcpy.o ABSOLUTE
    ../clib/memcpset.c                       0x00000000   Number         0  rt_memcpy.o ABSOLUTE
    ../clib/signal.c                         0x00000000   Number         0  defsig_rtmem_inner.o ABSOLUTE
    ../clib/signal.c                         0x00000000   Number         0  defsig_rtred_inner.o ABSOLUTE
    ../clib/signal.c                         0x00000000   Number         0  defsig_abrt_inner.o ABSOLUTE
    ../clib/signal.c                         0x00000000   Number         0  __raise.o ABSOLUTE
    ../clib/signal.c                         0x00000000   Number         0  defsig_fpe_inner.o ABSOLUTE
    ../clib/signal.c                         0x00000000   Number         0  defsig_exit.o ABSOLUTE
    ../clib/signal.c                         0x00000000   Number         0  defsig_cppl_inner.o ABSOLUTE
    ../clib/signal.c                         0x00000000   Number         0  defsig_fpe_formal.o ABSOLUTE
    ../clib/signal.c                         0x00000000   Number         0  defsig_fpe_outer.o ABSOLUTE
    ../clib/signal.c                         0x00000000   Number         0  defsig_general.o ABSOLUTE
    ../clib/signal.c                         0x00000000   Number         0  defsig_other.o ABSOLUTE
    ../clib/signal.c                         0x00000000   Number         0  defsig_segv_inner.o ABSOLUTE
    ../clib/signal.c                         0x00000000   Number         0  defsig_pvfn_inner.o ABSOLUTE
    ../clib/signal.c                         0x00000000   Number         0  defsig_stak_inner.o ABSOLUTE
    ../clib/signal.s                         0x00000000   Number         0  defsig.o ABSOLUTE
    C:\Users\MAHE\AppData\Local\Arm\Packs\Keil\ARM_Compiler\1.6.2\Source\EventRecorder.c 0x00000000   Number         0  eventrecorder.o ABSOLUTE
    C:\Users\MAHE\AppData\Local\Arm\Packs\Keil\Kinetis_KLxx_DFP\1.15.0\Boards\NXP\FRDM-KL25Z\Common\LED_FRDM-KL25Z.c 0x00000000   Number         0  led_frdm-kl25z.o ABSOLUTE
    C:\\Users\\MAHE\\AppData\\Local\\Arm\\Packs\\Keil\\ARM_Compiler\\1.6.2\\Source\\EventRecorder.c 0x00000000   Number         0  eventrecorder.o ABSOLUTE
    C:\\Users\\MAHE\\AppData\\Local\\Arm\\Packs\\Keil\\Kinetis_KLxx_DFP\\1.15.0\\Boards\\NXP\\FRDM-KL25Z\\Common\\LED_FRDM-KL25Z.c 0x00000000   Number         0  led_frdm-kl25z.o ABSOLUTE
    RTE\Device\MKL25Z128xxx4\i2c.c           0x00000000   Number         0  i2c.o ABSOLUTE
    RTE\Device\MKL25Z128xxx4\spi.c           0x00000000   Number         0  spi.o ABSOLUTE
    RTE\Device\MKL25Z128xxx4\startup_MKL25Z4.s 0x00000000   Number         0  startup_mkl25z4.o ABSOLUTE
    RTE\Device\MKL25Z128xxx4\system_MKL25Z4.c 0x00000000   Number         0  system_mkl25z4.o ABSOLUTE
    RTE\Device\MKL25Z128xxx4\uart.c          0x00000000   Number         0  uart.o ABSOLUTE
    RTE\\Device\\MKL25Z128xxx4\\i2c.c        0x00000000   Number         0  i2c.o ABSOLUTE
    RTE\\Device\\MKL25Z128xxx4\\spi.c        0x00000000   Number         0  spi.o ABSOLUTE
    RTE\\Device\\MKL25Z128xxx4\\system_MKL25Z4.c 0x00000000   Number         0  system_mkl25z4.o ABSOLUTE
    RTE\\Device\\MKL25Z128xxx4\\uart.c       0x00000000   Number         0  uart.o ABSOLUTE
    dc.s                                     0x00000000   Number         0  dc.o ABSOLUTE
    ecompassmain.c                           0x00000000   Number         0  ecompassmain.o ABSOLUTE
    ecompassmain.c                           0x00000000   Number         0  ecompassmain.o ABSOLUTE
    .text                                    0x000000c0   Section       64  startup_mkl25z4.o(.text)
    .text                                    0x00000100   Section      346  aeabi_sdiv.o(.text)
    .text                                    0x0000025a   Section        0  heapauxi.o(.text)
    i.SystemCoreClockUpdate                  0x00000260   Section        0  system_mkl25z4.o(i.SystemCoreClockUpdate)
    i.SystemInit                             0x000003f0   Section        0  system_mkl25z4.o(i.SystemInit)
    i.i2c_WriteByte                          0x000003fc   Section        0  i2c.o(i.i2c_WriteByte)
    .ARM.__at_0x400                          0x00000400   Section       16  startup_mkl25z4.o(.ARM.__at_0x400)
    i.Main                                   0x00000410   Section        0  ecompassmain.o(i.Main)
    i.UART0_IRQHandler                       0x000006a0   Section        0  uart.o(i.UART0_IRQHandler)
    i.UART1_IRQHandler                       0x000006b8   Section        0  uart.o(i.UART1_IRQHandler)
    i.UART2_IRQHandler                       0x000006d0   Section        0  uart.o(i.UART2_IRQHandler)
    i.__ARM_common_switch8                   0x000006e8   Section        0  uart.o(i.__ARM_common_switch8)
    i.delay                                  0x00000704   Section        0  i2c.o(i.delay)
    i.i2c_DisableAck                         0x00000714   Section        0  i2c.o(i.i2c_DisableAck)
    i.i2c_EnterRxMode                        0x0000071e   Section        0  i2c.o(i.i2c_EnterRxMode)
    i.i2c_Init                               0x00000728   Section        0  i2c.o(i.i2c_Init)
    i.i2c_ReadByte                           0x00000880   Section        0  i2c.o(i.i2c_ReadByte)
    i.i2c_ReadRegister                       0x00000886   Section        0  i2c.o(i.i2c_ReadRegister)
    i.i2c_RepeatedStart                      0x000008fe   Section        0  i2c.o(i.i2c_RepeatedStart)
    i.i2c_Start                              0x00000908   Section        0  i2c.o(i.i2c_Start)
    i.i2c_Stop                               0x0000091a   Section        0  i2c.o(i.i2c_Stop)
    i.i2c_Wait                               0x0000092c   Section        0  i2c.o(i.i2c_Wait)
    i.i2c_WriteRegister                      0x00000950   Section        0  i2c.o(i.i2c_WriteRegister)
    i.uart_Init                              0x0000099c   Section        0  uart.o(i.uart_Init)
    i.uart_Put                               0x00000c18   Section        0  uart.o(i.uart_Put)
    i.uart_String                            0x00000c28   Section        0  uart.o(i.uart_String)
    .constdata                               0x00000c44   Section       24  eventrecorder.o(.constdata)
    __tagsym$$used                           0x00000c44   Number         0  eventrecorder.o(.constdata)
    .data                                    0x1ffff000   Section       12  uart.o(.data)
    .data                                    0x1ffff00c   Section       13  ecompassmain.o(.data)
    .data                                    0x1ffff01c   Section        4  system_mkl25z4.o(.data)
    .bss.noinit                              0x1ffff040   Section     1192  eventrecorder.o(.bss.noinit)
    EventBuffer                              0x1ffff040   Data        1024  eventrecorder.o(.bss.noinit)
    EventFilter                              0x1ffff440   Data         128  eventrecorder.o(.bss.noinit)
    EventStatus                              0x1ffff4c0   Data          36  eventrecorder.o(.bss.noinit)
    TimeStamp                                0x1ffff4e4   Data           4  eventrecorder.o(.bss.noinit)
    HEAP                                     0x1ffff4e8   Section        0  startup_mkl25z4.o(HEAP)
    STACK                                    0x1ffff4e8   Section      256  startup_mkl25z4.o(STACK)
    Heap_Mem                                 0x1ffff4e8   Data           0  startup_mkl25z4.o(HEAP)
    Stack_Mem                                0x1ffff4e8   Data         256  startup_mkl25z4.o(STACK)
    __initial_sp                             0x1ffff5e8   Data           0  startup_mkl25z4.o(STACK)

    Global Symbols

    Symbol Name                              Value     Ov Type        Size  Object(Section)

    BuildAttributes$$THM_ISAv3M$S$PE$A:L22$X:L11$S22$IEEE1$IW$USESV6$~STKCKD$USESV7$~SHL$OSPACE$ROPI$EBA8$STANDARDLIB$REQ8$PRES8$EABIv2 0x00000000   Number         0  anon$$obj.o ABSOLUTE
    __Vectors                                0x00000000   Data           4  startup_mkl25z4.o(RESET)
    __sigvec_lookup                           - Undefined Weak Reference
    Reset_Handler                            0x000000c1   Thumb Code    12  startup_mkl25z4.o(.text)
    __Vectors_End                            0x000000c0   Data           0  startup_mkl25z4.o(RESET)
    __Vectors_Size                           0x000000c0   Number         0  startup_mkl25z4.o ABSOLUTE
    NMI_Handler                              0x000000cd   Thumb Code     2  startup_mkl25z4.o(.text)
    HardFault_Handler                        0x000000cf   Thumb Code     2  startup_mkl25z4.o(.text)
    SVC_Handler                              0x000000d1   Thumb Code     2  startup_mkl25z4.o(.text)
    PendSV_Handler                           0x000000d3   Thumb Code     2  startup_mkl25z4.o(.text)
    SysTick_Handler                          0x000000d5   Thumb Code     2  startup_mkl25z4.o(.text)
    ADC0_IRQHandler                          0x000000d7   Thumb Code     0  startup_mkl25z4.o(.text)
    CMP0_IRQHandler                          0x000000d7   Thumb Code     0  startup_mkl25z4.o(.text)
    DAC0_IRQHandler                          0x000000d7   Thumb Code     0  startup_mkl25z4.o(.text)
    DMA0_IRQHandler                          0x000000d7   Thumb Code     0  startup_mkl25z4.o(.text)
    DMA1_IRQHandler                          0x000000d7   Thumb Code     0  startup_mkl25z4.o(.text)
    DMA2_IRQHandler                          0x000000d7   Thumb Code     0  startup_mkl25z4.o(.text)
    DMA3_IRQHandler                          0x000000d7   Thumb Code     0  startup_mkl25z4.o(.text)
    DefaultISR                               0x000000d7   Thumb Code     0  startup_mkl25z4.o(.text)
    FTFA_IRQHandler                          0x000000d7   Thumb Code     0  startup_mkl25z4.o(.text)
    I2C0_IRQHandler                          0x000000d7   Thumb Code     0  startup_mkl25z4.o(.text)
    I2C1_IRQHandler                          0x000000d7   Thumb Code     0  startup_mkl25z4.o(.text)
    LLWU_IRQHandler                          0x000000d7   Thumb Code     0  startup_mkl25z4.o(.text)
    LPTMR0_IRQHandler                        0x000000d7   Thumb Code     0  startup_mkl25z4.o(.text)
    LVD_LVW_IRQHandler                       0x000000d7   Thumb Code     0  startup_mkl25z4.o(.text)
    MCG_IRQHandler                           0x000000d7   Thumb Code     0  startup_mkl25z4.o(.text)
    PIT_IRQHandler                           0x000000d7   Thumb Code     0  startup_mkl25z4.o(.text)
    PORTA_IRQHandler                         0x000000d7   Thumb Code     0  startup_mkl25z4.o(.text)
    PORTD_IRQHandler                         0x000000d7   Thumb Code     0  startup_mkl25z4.o(.text)
    RTC_IRQHandler                           0x000000d7   Thumb Code     0  startup_mkl25z4.o(.text)
    RTC_Seconds_IRQHandler                   0x000000d7   Thumb Code     0  startup_mkl25z4.o(.text)
    Reserved20_IRQHandler                    0x000000d7   Thumb Code     0  startup_mkl25z4.o(.text)
    Reserved39_IRQHandler                    0x000000d7   Thumb Code     0  startup_mkl25z4.o(.text)
    Reserved45_IRQHandler                    0x000000d7   Thumb Code     0  startup_mkl25z4.o(.text)
    SPI0_IRQHandler                          0x000000d7   Thumb Code     0  startup_mkl25z4.o(.text)
    SPI1_IRQHandler                          0x000000d7   Thumb Code     0  startup_mkl25z4.o(.text)
    TPM0_IRQHandler                          0x000000d7   Thumb Code     0  startup_mkl25z4.o(.text)
    TPM1_IRQHandler                          0x000000d7   Thumb Code     0  startup_mkl25z4.o(.text)
    TPM2_IRQHandler                          0x000000d7   Thumb Code     0  startup_mkl25z4.o(.text)
    TSI0_IRQHandler                          0x000000d7   Thumb Code     0  startup_mkl25z4.o(.text)
    USB0_IRQHandler                          0x000000d7   Thumb Code     0  startup_mkl25z4.o(.text)
    __user_initial_stackheap                 0x000000dd   Thumb Code     0  startup_mkl25z4.o(.text)
    __aeabi_uidiv                            0x00000101   Thumb Code     0  aeabi_sdiv.o(.text)
    __aeabi_uidivmod                         0x00000101   Thumb Code    20  aeabi_sdiv.o(.text)
    __aeabi_idiv                             0x00000115   Thumb Code     0  aeabi_sdiv.o(.text)
    __aeabi_idivmod                          0x00000115   Thumb Code   326  aeabi_sdiv.o(.text)
    __use_two_region_memory                  0x0000025b   Thumb Code     2  heapauxi.o(.text)
    __rt_heap_escrow$2region                 0x0000025d   Thumb Code     2  heapauxi.o(.text)
    __rt_heap_expand$2region                 0x0000025f   Thumb Code     2  heapauxi.o(.text)
    SystemCoreClockUpdate                    0x00000261   Thumb Code   372  system_mkl25z4.o(i.SystemCoreClockUpdate)
    SystemInit                               0x000003f1   Thumb Code     8  system_mkl25z4.o(i.SystemInit)
    i2c_WriteByte                            0x000003fd   Thumb Code     4  i2c.o(i.i2c_WriteByte)
    Main                                     0x00000411   Thumb Code   470  ecompassmain.o(i.Main)
    UART0_IRQHandler                         0x000006a1   Thumb Code    18  uart.o(i.UART0_IRQHandler)
    UART1_IRQHandler                         0x000006b9   Thumb Code    18  uart.o(i.UART1_IRQHandler)
    UART2_IRQHandler                         0x000006d1   Thumb Code    18  uart.o(i.UART2_IRQHandler)
    __ARM_common_switch8                     0x000006e9   Thumb Code    28  uart.o(i.__ARM_common_switch8)
    delay                                    0x00000705   Thumb Code    16  i2c.o(i.delay)
    i2c_DisableAck                           0x00000715   Thumb Code    10  i2c.o(i.i2c_DisableAck)
    i2c_EnterRxMode                          0x0000071f   Thumb Code    10  i2c.o(i.i2c_EnterRxMode)
    i2c_Init                                 0x00000729   Thumb Code   316  i2c.o(i.i2c_Init)
    i2c_ReadByte                             0x00000881   Thumb Code     6  i2c.o(i.i2c_ReadByte)
    i2c_ReadRegister                         0x00000887   Thumb Code   120  i2c.o(i.i2c_ReadRegister)
    i2c_RepeatedStart                        0x000008ff   Thumb Code    10  i2c.o(i.i2c_RepeatedStart)
    i2c_Start                                0x00000909   Thumb Code    18  i2c.o(i.i2c_Start)
    i2c_Stop                                 0x0000091b   Thumb Code    18  i2c.o(i.i2c_Stop)
    i2c_Wait                                 0x0000092d   Thumb Code    32  i2c.o(i.i2c_Wait)
    i2c_WriteRegister                        0x00000951   Thumb Code    74  i2c.o(i.i2c_WriteRegister)
    uart_Init                                0x0000099d   Thumb Code   596  uart.o(i.uart_Init)
    uart_Put                                 0x00000c19   Thumb Code    16  uart.o(i.uart_Put)
    uart_String                              0x00000c29   Thumb Code    26  uart.o(i.uart_String)
    EventRecorderInfo                        0x00000c44   Data          24  eventrecorder.o(.constdata)
    uart0_task_irq                           0x1ffff000   Data           4  uart.o(.data)
    uart1_task_irq                           0x1ffff004   Data           4  uart.o(.data)
    uart2_task_irq                           0x1ffff008   Data           4  uart.o(.data)
    raw_x                                    0x1ffff00c   Data           2  ecompassmain.o(.data)
    raw_y                                    0x1ffff00e   Data           2  ecompassmain.o(.data)
    raw_z                                    0x1ffff010   Data           2  ecompassmain.o(.data)
    bufx_H                                   0x1ffff012   Data           1  ecompassmain.o(.data)
    bufy_H                                   0x1ffff013   Data           1  ecompassmain.o(.data)
    bufz_H                                   0x1ffff014   Data           1  ecompassmain.o(.data)
    bufx_L                                   0x1ffff015   Data           1  ecompassmain.o(.data)
    bufy_L                                   0x1ffff016   Data           1  ecompassmain.o(.data)
    bufz_L                                   0x1ffff017   Data           1  ecompassmain.o(.data)
    sr                                       0x1ffff018   Data           1  ecompassmain.o(.data)
    SystemCoreClock                          0x1ffff01c   Data           4  system_mkl25z4.o(.data)



==============================================================================

Memory Map of the image

  Image Entry point : 0x000000c1

  Load Region LR_1 (Base: 0x00000000, Size: 0x00000c7c, Max: 0xffffffff, ABSOLUTE)

    Execution Region ER_RO (Exec base: 0x00000000, Load base: 0x00000000, Size: 0x00000c5c, Max: 0xffffffff, ABSOLUTE)

    Exec Addr    Load Addr    Size         Type   Attr      Idx    E Section Name        Object

    0x00000000   0x00000000   0x000000c0   Data   RO          548    RESET               startup_mkl25z4.o
    0x000000c0   0x000000c0   0x00000040   Code   RO          550  * .text               startup_mkl25z4.o
    0x00000100   0x00000100   0x0000015a   Code   RO          596    .text               c_p.l(aeabi_sdiv.o)
    0x0000025a   0x0000025a   0x00000006   Code   RO          600    .text               c_p.l(heapauxi.o)
    0x00000260   0x00000260   0x00000190   Code   RO          558    i.SystemCoreClockUpdate  system_mkl25z4.o
    0x000003f0   0x000003f0   0x0000000c   Code   RO          559    i.SystemInit        system_mkl25z4.o
    0x000003fc   0x000003fc   0x00000004   Code   RO          155    i.i2c_WriteByte     i2c.o
    0x00000400   0x00000400   0x00000010   Code   RO          549    .ARM.__at_0x400     startup_mkl25z4.o
    0x00000410   0x00000410   0x00000290   Code   RO          250    i.Main              ecompassmain.o
    0x000006a0   0x000006a0   0x00000018   Code   RO            3    i.UART0_IRQHandler  uart.o
    0x000006b8   0x000006b8   0x00000018   Code   RO            4    i.UART1_IRQHandler  uart.o
    0x000006d0   0x000006d0   0x00000018   Code   RO            5    i.UART2_IRQHandler  uart.o
    0x000006e8   0x000006e8   0x0000001c   Code   RO           75    i.__ARM_common_switch8  uart.o
    0x00000704   0x00000704   0x00000010   Code   RO          143    i.delay             i2c.o
    0x00000714   0x00000714   0x0000000a   Code   RO          144    i.i2c_DisableAck    i2c.o
    0x0000071e   0x0000071e   0x0000000a   Code   RO          146    i.i2c_EnterRxMode   i2c.o
    0x00000728   0x00000728   0x00000158   Code   RO          147    i.i2c_Init          i2c.o
    0x00000880   0x00000880   0x00000006   Code   RO          148    i.i2c_ReadByte      i2c.o
    0x00000886   0x00000886   0x00000078   Code   RO          150    i.i2c_ReadRegister  i2c.o
    0x000008fe   0x000008fe   0x0000000a   Code   RO          151    i.i2c_RepeatedStart  i2c.o
    0x00000908   0x00000908   0x00000012   Code   RO          152    i.i2c_Start         i2c.o
    0x0000091a   0x0000091a   0x00000012   Code   RO          153    i.i2c_Stop          i2c.o
    0x0000092c   0x0000092c   0x00000024   Code   RO          154    i.i2c_Wait          i2c.o
    0x00000950   0x00000950   0x0000004a   Code   RO          157    i.i2c_WriteRegister  i2c.o
    0x0000099a   0x0000099a   0x00000002   PAD
    0x0000099c   0x0000099c   0x0000027c   Code   RO            8    i.uart_Init         uart.o
    0x00000c18   0x00000c18   0x00000010   Code   RO            9    i.uart_Put          uart.o
    0x00000c28   0x00000c28   0x0000001a   Code   RO           10    i.uart_String       uart.o
    0x00000c42   0x00000c42   0x00000002   PAD
    0x00000c44   0x00000c44   0x00000018   Data   RO          428    .constdata          eventrecorder.o


    Execution Region ER_RW (Exec base: 0x1ffff000, Load base: 0x00000c5c, Size: 0x00000020, Max: 0xffffffff, ABSOLUTE)

    Exec Addr    Load Addr    Size         Type   Attr      Idx    E Section Name        Object

    0x1ffff000   0x00000c5c   0x0000000c   Data   RW           13    .data               uart.o
    0x1ffff00c   0x00000c68   0x0000000d   Data   RW          251    .data               ecompassmain.o
    0x1ffff019   0x00000c75   0x00000003   PAD
    0x1ffff01c   0x00000c78   0x00000004   Data   RW          560    .data               system_mkl25z4.o


    Execution Region ER_ZI (Exec base: 0x1ffff020, Load base: 0x00000c7c, Size: 0x000005c8, Max: 0xffffffff, ABSOLUTE)

    Exec Addr    Load Addr    Size         Type   Attr      Idx    E Section Name        Object

    0x1ffff020   0x00000c7c   0x00000020   PAD
    0x1ffff040        -       0x000004a8   Zero   RW          427    .bss.noinit         eventrecorder.o
    0x1ffff4e8        -       0x00000000   Zero   RW          547    HEAP                startup_mkl25z4.o
    0x1ffff4e8        -       0x00000100   Zero   RW          546    STACK               startup_mkl25z4.o


==============================================================================

Image component sizes


      Code (inc. data)   RO Data    RW Data    ZI Data      Debug   Object Name

       656        186          0         13          0        972   ecompassmain.o
         0          0         24          0       1192       4372   eventrecorder.o
       666         32          0          0          0       6114   i2c.o
        80         44        192          0        256        820   startup_mkl25z4.o
       412         42          0          4          0       1411   system_mkl25z4.o
       778         66          0         12          0     220201   uart.o

    ----------------------------------------------------------------------
      2596        370        216         32       1480     233890   Object Totals
         0          0          0          0          0          0   (incl. Generated)
         4          0          0          3         32          0   (incl. Padding)

    ----------------------------------------------------------------------

      Code (inc. data)   RO Data    RW Data    ZI Data      Debug   Library Member Name

       346          0          0          0          0         92   aeabi_sdiv.o
         6          0          0          0          0        136   heapauxi.o

    ----------------------------------------------------------------------
       352          0          0          0          0        228   Library Totals
         0          0          0          0          0          0   (incl. Padding)

    ----------------------------------------------------------------------

      Code (inc. data)   RO Data    RW Data    ZI Data      Debug   Library Name

       352          0          0          0          0        228   c_p.l

    ----------------------------------------------------------------------
       352          0          0          0          0        228   Library Totals

    ----------------------------------------------------------------------

==============================================================================


      Code (inc. data)   RO Data    RW Data    ZI Data      Debug   

      2948        370        216         32       1480     233186   Grand Totals
      2948        370        216         32       1480     233186   ELF Image Totals
      2948        370        216         32          0          0   ROM Totals

==============================================================================

    Total RO  Size (Code + RO Data)                 3164 (   3.09kB)
    Total RW  Size (RW Data + ZI Data)              1512 (   1.48kB)
    Total ROM Size (Code + RO Data + RW Data)       3196 (   3.12kB)

==============================================================================

